nohup: ignoring input
[OK] Loading config from /home/richgutz/Scraper-Neoauto-ANTIGRAVITY/Autos.Richard.Gutierrez/last_filters.json
  - MAX_AGE_YEARS: 10 (Min Year: 2016)
  - DAYS_BACK: 30
  - TARGET_BRANDS: 15 brands selected
Fetching data from Supabase...
Fetched 10000 initial records.
Normalizing brands...
Filtered brands: 10000 -> 9453 records (Removed non-target brands).
Building comprehensive brand/model index from historical data...
  (This ensures ALL brands appear in GUI, not just those with recent listings)
  [OK] Built index with 17 brands and 514 models
Waiting for user input...
DEBUG: GUI Window Launched and Focused
GUI will auto-submit in 30 seconds unless interacted with...
User Filters: {'km_max': 100000.0, 'year_min': 2016, 'days_back': 30, 'selected_map': {'AUDI': ['A4', 'Q3'], 'BMW': ['X1', 'X2'], 'CHEVROLET': ['Spark'], 'FORD': ['Ranger'], 'HONDA': ['Civic', 'Cr-V', 'Hr-V', 'Wr-V'], 'HYUNDAI': ['Creta', 'Elantra', 'Santa Fe', 'Tucson', 'Venue', 'Verna'], 'JEEP': ['Grand Cherokee'], 'KIA': ['Picanto', 'Seltos', 'Soluto', 'Sonet', 'Sorento', 'Sportage'], 'MAZDA': ['Cx-3', 'Cx-30', 'Cx-5', 'Cx-7', 'Cx-9'], 'MITSUBISHI': ['L200'], 'NISSAN': ['Frontier'], 'SUBARU': ['All New Forester 2019', 'Crosstrek', 'Forester', 'New Xv', 'XV'], 'SUZUKI': ['Jimny'], 'TOYOTA': ['Corolla', 'Fortuner', 'Hilux', 'Raize', 'Rav4', 'Rush'], 'VOLKSWAGEN': ['Amarok', 'Jetta', 'Nivus', 'Taos', 'Tiguan', 'Touareg']}, 'fuels': ['Diesel', 'Gasolina']}
Filtering data based on User Input...
Converting DateTime...
Filtered down to 309 records.

[OK] Processing 309 vehicles

============================================================
LOADING HISTORICAL DATA FOR STATISTICAL ANALYSIS
============================================================
Fetching historical data from autos_detalles...
  Downloaded 1000 rows (total: 1000)...
  Downloaded 1000 rows (total: 2000)...
  Downloaded 1000 rows (total: 3000)...
  Downloaded 1000 rows (total: 4000)...
  Downloaded 1000 rows (total: 5000)...
  Downloaded 1000 rows (total: 6000)...
  Downloaded 1000 rows (total: 7000)...
  Downloaded 1000 rows (total: 8000)...
  Downloaded 1000 rows (total: 9000)...
  Downloaded 1000 rows (total: 10000)...
  Downloaded 1000 rows (total: 11000)...
  Downloaded 1000 rows (total: 12000)...
  Downloaded 1000 rows (total: 13000)...
  Downloaded 1000 rows (total: 14000)...
  Downloaded 1000 rows (total: 15000)...
  Downloaded 1000 rows (total: 16000)...
  Downloaded 1000 rows (total: 17000)...
  Downloaded 1000 rows (total: 18000)...
  Downloaded 1000 rows (total: 19000)...
  Downloaded 1000 rows (total: 20000)...
  Downloaded 1000 rows (total: 21000)...
  Downloaded 1000 rows (total: 22000)...
  Downloaded 1000 rows (total: 23000)...
  Downloaded 1000 rows (total: 24000)...
  Downloaded 1000 rows (total: 25000)...
  Downloaded 1000 rows (total: 26000)...
  Downloaded 1000 rows (total: 27000)...
  Downloaded 1000 rows (total: 28000)...
  Downloaded 1000 rows (total: 29000)...
  Downloaded 1000 rows (total: 30000)...
  Downloaded 1000 rows (total: 31000)...
  Downloaded 596 rows (total: 31596)...
[OK] Historical data loaded: 31596 records
Calculating model metrics...
[OK] Calculated metrics for 1111 models
============================================================

Scraping images and metadata (STEALTH MODE)...
  New Context Created (UA: Mozilla/5.0 (Macintosh; Intel ...)
Processing ID 17163: https://neoauto.com/auto/usado/audi-a4-2018-1863571
  Found 4 valid images. Downloading...
Processing ID 17159: https://neoauto.com/auto/usado/volkswagen-amarok-2020-1863589
  Found 4 valid images. Downloading...
  Cycling browser context...
  New Context Created (UA: Mozilla/5.0 (Macintosh; Intel ...)
Processing ID 17176: https://neoauto.com/auto/usado/bmw-x2-20i-2018-1863549
  Found 4 valid images. Downloading...
  Cycling browser context...
  New Context Created (UA: Mozilla/5.0 (Macintosh; Intel ...)
Processing ID 17144: https://neoauto.com/auto/usado/jeep-grand-cherokee-laredo-2019-1863547
  Found 4 valid images. Downloading...
  Cycling browser context...
  New Context Created (UA: Mozilla/5.0 (Macintosh; Intel ...)
Processing ID 17145: https://neoauto.com/auto/usado/volkswagen-taos-2022-1863572
  Found 4 valid images. Downloading...
Processing ID 17154: https://neoauto.com/auto/usado/kia-sonet-2023-1863557
  Found 4 valid images. Downloading...
Processing ID 17157: https://neoauto.com/auto/usado/volkswagen-tiguan-allspace-2021-1863527
  Found 4 valid images. Downloading...
  Cycling browser context...
  New Context Created (UA: Mozilla/5.0 (Macintosh; Intel ...)
Processing ID 17147: https://neoauto.com/auto/usado/volkswagen-nivus-2022-1863543
  Found 4 valid images. Downloading...
Processing ID 17122: https://neoauto.com/auto/usado/toyota-hilux-2022-1863482
  Found 4 valid images. Downloading...
Processing ID 16942: https://neoauto.com/auto/usado/toyota-raize-2023-1863215
  Found 4 valid images. Downloading...
  Cycling browser context...
  New Context Created (UA: Mozilla/5.0 (Macintosh; Intel ...)
Processing ID 17099: https://neoauto.com/auto/usado/audi-q3-sportback-2023-1855380
  Found 2 valid images. Downloading...
Processing ID 17094: https://neoauto.com/auto/usado/audi-a4-2023-1863491
  Found 4 valid images. Downloading...
Processing ID 16972: https://neoauto.com/auto/usado/honda-wr-v-2019-1863219
  Found 4 valid images. Downloading...
  Cycling browser context...
  New Context Created (UA: Mozilla/5.0 (Macintosh; Intel ...)
Processing ID 17079: https://neoauto.com/auto/usado/toyota-corolla-2019-1863492
  Found 4 valid images. Downloading...
Processing ID 17070: https://neoauto.com/auto/usado/subaru-forester-2023-1863232
  Found 4 valid images. Downloading...
  Cycling browser context...
  New Context Created (UA: Mozilla/5.0 (Macintosh; Intel ...)
Processing ID 16992: https://neoauto.com/auto/usado/honda-cr-v-2017-1863513
  Found 4 valid images. Downloading...
Processing ID 17039: https://neoauto.com/auto/usado/mazda-cx-3-2025-1863216
  Found 4 valid images. Downloading...
Processing ID 17033: https://neoauto.com/auto/usado/audi-a4-2023-1863217
  Found 4 valid images. Downloading...
Processing ID 16935: https://neoauto.com/auto/usado/mazda-cx-3-2022-1863418
  Found 4 valid images. Downloading...
  Cycling browser context...
  New Context Created (UA: Mozilla/5.0 (Windows NT 10.0; ...)
Processing ID 17021: https://neoauto.com/auto/usado/subaru-xv-2018-1863352
  Found 4 valid images. Downloading...
Processing ID 17101: https://neoauto.com/auto/usado/mazda-cx-3-2019-1863354
  Found 4 valid images. Downloading...
  Cycling browser context...
  New Context Created (UA: Mozilla/5.0 (Windows NT 10.0; ...)
Processing ID 17075: https://neoauto.com/auto/usado/hyundai-creta-2024-1863412
  Found 4 valid images. Downloading...
Processing ID 17071: https://neoauto.com/auto/usado/mazda-cx-30-2024-1863420
  Found 4 valid images. Downloading...
Processing ID 17141: https://neoauto.com/auto/usado/suzuki-jimny-2025-1863408
  Found 4 valid images. Downloading...
Processing ID 16887: https://neoauto.com/auto/usado/bmw-x1-18i-2020-1863381
  Found 4 valid images. Downloading...
Processing ID 16909: https://neoauto.com/auto/usado/volkswagen-tiguan-allspace-2018-1863356
  Found 4 valid images. Downloading...
  Cycling browser context...
  New Context Created (UA: Mozilla/5.0 (Windows NT 10.0; ...)
Processing ID 16919: https://neoauto.com/auto/usado/bmw-x1-18i-2024-1863486
  Found 4 valid images. Downloading...
Processing ID 17078: https://neoauto.com/auto/usado/audi-q3-2017-1863246
  Found 4 valid images. Downloading...
Processing ID 17063: https://neoauto.com/auto/usado/toyota-hilux-2021-1858773
  Found 2 valid images. Downloading...
Processing ID 17022: https://neoauto.com/auto/usado/toyota-rav4-2023-1863400
  Found 4 valid images. Downloading...
Processing ID 17019: https://neoauto.com/auto/usado/subaru-all-new-forester-2019-2019-1863538
  Found 4 valid images. Downloading...
Processing ID 17061: https://neoauto.com/auto/usado/mazda-cx-5-2020-1863380
  Found 4 valid images. Downloading...
Processing ID 17120: https://neoauto.com/auto/usado/mazda-cx-9-2018-1863509
  Found 4 valid images. Downloading...
Processing ID 17047: https://neoauto.com/auto/usado/toyota-hilux-2023-1863403
  Found 4 valid images. Downloading...
Processing ID 16917: https://neoauto.com/auto/usado/mazda-cx-5-2023-1863481
  Found 4 valid images. Downloading...
  Cycling browser context...
  New Context Created (UA: Mozilla/5.0 (Macintosh; Intel ...)
Processing ID 17064: https://neoauto.com/auto/usado/volkswagen-tiguan-2020-1863416
  Found 4 valid images. Downloading...
  Cycling browser context...
  New Context Created (UA: Mozilla/5.0 (Windows NT 10.0; ...)
Processing ID 16946: https://neoauto.com/auto/usado/toyota-rav4-2021-1863207
  Found 4 valid images. Downloading...
Processing ID 16994: https://neoauto.com/auto/usado/bmw-x1-20i-2017-1863485
  Found 4 valid images. Downloading...
Processing ID 17032: https://neoauto.com/auto/usado/kia-sonet-2022-1863422
  Found 2 valid images. Downloading...
Processing ID 16880: https://neoauto.com/auto/usado/mazda-cx-5-2023-1863347
  Found 4 valid images. Downloading...
  Cycling browser context...
  New Context Created (UA: Mozilla/5.0 (Windows NT 10.0; ...)
Processing ID 16851: https://neoauto.com/auto/usado/hyundai-santa-fe-2023-1863256
  Found 4 valid images. Downloading...
Processing ID 16852: https://neoauto.com/auto/usado/kia-soluto-2025-1863296
  Found 4 valid images. Downloading...
Processing ID 16855: https://neoauto.com/auto/usado/mazda-cx-3-2020-1863260
  Found 4 valid images. Downloading...
  Cycling browser context...
  New Context Created (UA: Mozilla/5.0 (Macintosh; Intel ...)
Processing ID 16850: https://neoauto.com/auto/usado/subaru-forester-2019-1863259
  Found 4 valid images. Downloading...
Processing ID 16856: https://neoauto.com/auto/usado/mitsubishi-l200-2023-1863342
  Found 4 valid images. Downloading...
Processing ID 16827: https://neoauto.com/auto/usado/honda-cr-v-2021-1863319
  Found 4 valid images. Downloading...
  Cycling browser context...
  New Context Created (UA: Mozilla/5.0 (Windows NT 10.0; ...)
Processing ID 16818: https://neoauto.com/auto/usado/hyundai-creta-2019-1863166
  Found 1 valid images. Downloading...
Processing ID 16816: https://neoauto.com/auto/usado/toyota-hilux-2019-1863161
  Found 4 valid images. Downloading...
  Cycling browser context...
  New Context Created (UA: Mozilla/5.0 (Macintosh; Intel ...)
Processing ID 16813: https://neoauto.com/auto/usado/jeep-grand-cherokee-limited-2024-1863156
  Found 4 valid images. Downloading...
Processing ID 16812: https://neoauto.com/auto/usado/toyota-corolla-cross-2023-1863152
  Found 4 valid images. Downloading...
  Cycling browser context...
  New Context Created (UA: Mozilla/5.0 (Windows NT 10.0; ...)
Processing ID 16794: https://neoauto.com/auto/usado/audi-a4-2017-1863125
  Found 4 valid images. Downloading...
Processing ID 16774: https://neoauto.com/auto/usado/nissan-np300-frontier-2016-1863095
  [DELISTED] Skipping https://neoauto.com/auto/usado/nissan-np300-frontier-2016-1863095 (Listing finished)
Processing ID 16791: https://neoauto.com/auto/usado/toyota-rav4-2024-1863075
  Found 4 valid images. Downloading...
Processing ID 16762: https://neoauto.com/auto/usado/ford-ranger-raptor-2022-1863144
  Found 4 valid images. Downloading...
Processing ID 16755: https://neoauto.com/auto/usado/honda-wr-v-2021-1863044
  Found 4 valid images. Downloading...
  Cycling browser context...
  New Context Created (UA: Mozilla/5.0 (Windows NT 10.0; ...)
Processing ID 16754: https://neoauto.com/auto/usado/honda-wr-v-2019-1863103
  Found 4 valid images. Downloading...
Processing ID 16750: https://neoauto.com/auto/usado/mazda-cx-9-2024-1863051
  Found 4 valid images. Downloading...
Processing ID 16746: https://neoauto.com/auto/usado/jeep-grand-cherokee-laredo-2018-1863092
  Found 4 valid images. Downloading...
  Cycling browser context...
  New Context Created (UA: Mozilla/5.0 (Windows NT 10.0; ...)
Processing ID 16740: https://neoauto.com/auto/usado/nissan-np300-frontier-2022-1862997
  Found 2 valid images. Downloading...
  Cycling browser context...
  New Context Created (UA: Mozilla/5.0 (Macintosh; Intel ...)
Processing ID 16719: https://neoauto.com/auto/usado/volkswagen-nivus-2021-1863010
  Found 4 valid images. Downloading...
Processing ID 16688: https://neoauto.com/auto/usado/hyundai-creta-2016-1862908
  [DELISTED] Skipping https://neoauto.com/auto/usado/hyundai-creta-2016-1862908 (Listing finished)
Processing ID 16683: https://neoauto.com/auto/usado/subaru-forester-2019-1862983
  Found 4 valid images. Downloading...
Processing ID 16699: https://neoauto.com/auto/usado/audi-a4-2020-1862999
  Found 4 valid images. Downloading...
Processing ID 16697: https://neoauto.com/auto/usado/kia-sorento-2016-1863038
  Found 4 valid images. Downloading...
Processing ID 16693: https://neoauto.com/auto/usado/hyundai-santa-fe-2020-1862967
  Found 4 valid images. Downloading...
Processing ID 16680: https://neoauto.com/auto/usado/bmw-x1-20i-2022-1863040
  Found 4 valid images. Downloading...
Processing ID 16679: https://neoauto.com/auto/usado/mazda-cx-9-2023-1863015
  Found 4 valid images. Downloading...
Processing ID 16650: https://neoauto.com/auto/usado/kia-sonet-2023-1862863
  Found 4 valid images. Downloading...
Processing ID 16645: https://neoauto.com/auto/usado/subaru-forester-2019-1862736
  Found 4 valid images. Downloading...
Processing ID 16635: https://neoauto.com/auto/usado/honda-wr-v-2021-1862782
  Found 4 valid images. Downloading...
  Cycling browser context...
  New Context Created (UA: Mozilla/5.0 (Macintosh; Intel ...)
Processing ID 16633: https://neoauto.com/auto/usado/mazda-cx-30-2024-1862733
  Found 4 valid images. Downloading...
Processing ID 16631: https://neoauto.com/auto/usado/toyota-corolla-2025-1862851
  Found 4 valid images. Downloading...
Processing ID 16630: https://neoauto.com/auto/usado/toyota-corolla-2021-1862767
  Found 4 valid images. Downloading...
Processing ID 16629: https://neoauto.com/auto/usado/honda-wr-v-2020-1862875
  Found 4 valid images. Downloading...
Processing ID 16622: https://neoauto.com/auto/usado/nissan-frontier-2017-1862811
  [DELISTED] Skipping https://neoauto.com/auto/usado/nissan-frontier-2017-1862811 (Listing finished)
Processing ID 16606: https://neoauto.com/auto/usado/kia-sportage-2017-1862790
  Found 4 valid images. Downloading...
Processing ID 16586: https://neoauto.com/auto/usado/hyundai-tucson-2020-1862750
  [DELISTED] Skipping https://neoauto.com/auto/usado/hyundai-tucson-2020-1862750 (Listing finished)
Processing ID 16597: https://neoauto.com/auto/usado/nissan-frontier-2020-1862735
  Found 4 valid images. Downloading...
  Cycling browser context...
  New Context Created (UA: Mozilla/5.0 (Macintosh; Intel ...)
Processing ID 16580: https://neoauto.com/auto/usado/volkswagen-jetta-2018-1862785
  Found 4 valid images. Downloading...
Processing ID 16570: https://neoauto.com/auto/usado/toyota-hilux-2017-1862596
  Found 4 valid images. Downloading...
  Cycling browser context...
  New Context Created (UA: Mozilla/5.0 (Macintosh; Intel ...)
Processing ID 16569: https://neoauto.com/auto/usado/toyota-rav4-2021-1862652
  Found 4 valid images. Downloading...
Processing ID 16563: https://neoauto.com/auto/usado/mazda-cx-5-2020-1862637
  Found 4 valid images. Downloading...
Processing ID 16560: https://neoauto.com/auto/usado/suzuki-jimny-2025-1862660
  Found 4 valid images. Downloading...
Processing ID 16559: https://neoauto.com/auto/usado/mazda-cx-5-2019-1862621
  Found 4 valid images. Downloading...
Processing ID 16554: https://neoauto.com/auto/usado/mazda-cx-30-2025-1862635
  Found 4 valid images. Downloading...
  Cycling browser context...
  New Context Created (UA: Mozilla/5.0 (Windows NT 10.0; ...)
Processing ID 16531: https://neoauto.com/auto/usado/hyundai-santa-fe-2020-1862518
  Found 2 valid images. Downloading...
Processing ID 16536: https://neoauto.com/auto/usado/toyota-rush-2020-1862504
  Found 4 valid images. Downloading...
  Cycling browser context...
  New Context Created (UA: Mozilla/5.0 (Macintosh; Intel ...)
Processing ID 16524: https://neoauto.com/auto/usado/volkswagen-tiguan-allspace-2020-1862562
  Found 4 valid images. Downloading...
Processing ID 16490: https://neoauto.com/auto/usado/hyundai-creta-2019-1689163
  Found 4 valid images. Downloading...
Processing ID 16507: https://neoauto.com/auto/usado/volkswagen-nivus-2022-1862581
  Found 4 valid images. Downloading...
  Cycling browser context...
  New Context Created (UA: Mozilla/5.0 (Windows NT 10.0; ...)
Processing ID 16504: https://neoauto.com/auto/usado/audi-q3-2018-1862551
  Found 4 valid images. Downloading...
Processing ID 16503: https://neoauto.com/auto/usado/mazda-cx-3-2019-1862478
  Found 4 valid images. Downloading...
Processing ID 16498: https://neoauto.com/auto/usado/mazda-cx-5-2016-1862558
  [DELISTED] Skipping https://neoauto.com/auto/usado/mazda-cx-5-2016-1862558 (Listing finished)
  Cycling browser context...
  New Context Created (UA: Mozilla/5.0 (Windows NT 10.0; ...)
Processing ID 16494: https://neoauto.com/auto/usado/hyundai-tucson-2022-1862465
  [DELISTED] Skipping https://neoauto.com/auto/usado/hyundai-tucson-2022-1862465 (Listing finished)
Processing ID 16492: https://neoauto.com/auto/usado/volkswagen-tiguan-2023-1862540
  Found 4 valid images. Downloading...
Processing ID 16485: https://neoauto.com/auto/usado/toyota-fortuner-2019-1862526
  [DELISTED] Skipping https://neoauto.com/auto/usado/toyota-fortuner-2019-1862526 (Listing finished)
  Cycling browser context...
  New Context Created (UA: Mozilla/5.0 (Macintosh; Intel ...)
Processing ID 16484: https://neoauto.com/auto/usado/honda-cr-v-2019-1862510
  Found 4 valid images. Downloading...
Processing ID 16483: https://neoauto.com/auto/usado/subaru-xv-2019-1862524
  [DELISTED] Skipping https://neoauto.com/auto/usado/subaru-xv-2019-1862524 (Listing finished)
Processing ID 16471: https://neoauto.com/auto/usado/volkswagen-tiguan-allspace-2022-1862411
  Found 4 valid images. Downloading...
Processing ID 16467: https://neoauto.com/auto/usado/honda-civic-turbo-2022-1862361
  Found 4 valid images. Downloading...
Processing ID 16460: https://neoauto.com/auto/usado/subaru-forester-2017-1862427
  [DELISTED] Skipping https://neoauto.com/auto/usado/subaru-forester-2017-1862427 (Listing finished)
  Cycling browser context...
  New Context Created (UA: Mozilla/5.0 (Macintosh; Intel ...)
Processing ID 16454: https://neoauto.com/auto/usado/toyota-corolla-2018-1862382
  [DELISTED] Skipping https://neoauto.com/auto/usado/toyota-corolla-2018-1862382 (Listing finished)
Processing ID 16451: https://neoauto.com/auto/usado/hyundai-santa-fe-2022-1862447
  Found 4 valid images. Downloading...
Processing ID 16446: https://neoauto.com/auto/usado/toyota-rush-2024-1862362
  [DELISTED] Skipping https://neoauto.com/auto/usado/toyota-rush-2024-1862362 (Listing finished)
Processing ID 16443: https://neoauto.com/auto/usado/audi-a4-2023-1862385
  [DELISTED] Skipping https://neoauto.com/auto/usado/audi-a4-2023-1862385 (Listing finished)
Processing ID 16441: https://neoauto.com/auto/usado/hyundai-santa-fe-2022-1862380
  Found 4 valid images. Downloading...
Processing ID 16432: https://neoauto.com/auto/usado/jeep-grand-cherokee-srt-2021-1862387
  Found 4 valid images. Downloading...
Processing ID 16429: https://neoauto.com/auto/usado/kia-sportage-2023-1862443
  Found 4 valid images. Downloading...
  Cycling browser context...
  New Context Created (UA: Mozilla/5.0 (Macintosh; Intel ...)
Processing ID 16414: https://neoauto.com/auto/usado/toyota-fortuner-2020-1862295
  Found 4 valid images. Downloading...
Processing ID 16417: https://neoauto.com/auto/usado/hyundai-verna-2023-1862341
  Found 4 valid images. Downloading...
  Cycling browser context...
  New Context Created (UA: Mozilla/5.0 (Macintosh; Intel ...)
Processing ID 16413: https://neoauto.com/auto/usado/toyota-rav4-2020-1862314
  Found 4 valid images. Downloading...
Processing ID 16411: https://neoauto.com/auto/usado/toyota-hilux-2024-1862330
  Found 4 valid images. Downloading...
  Cycling browser context...
  New Context Created (UA: Mozilla/5.0 (Macintosh; Intel ...)
Processing ID 16406: https://neoauto.com/auto/usado/kia-sonet-2023-1862315
  Found 4 valid images. Downloading...
Processing ID 16401: https://neoauto.com/auto/usado/subaru-xv-2017-1862310
  [DELISTED] Skipping https://neoauto.com/auto/usado/subaru-xv-2017-1862310 (Listing finished)
Processing ID 16400: https://neoauto.com/auto/usado/nissan-frontier-2023-1862288
  Found 4 valid images. Downloading...
Processing ID 16396: https://neoauto.com/auto/usado/subaru-xv-2022-1862339
  Found 4 valid images. Downloading...
Processing ID 16392: https://neoauto.com/auto/usado/subaru-xv-2020-1862286
  Found 4 valid images. Downloading...
  Cycling browser context...
  New Context Created (UA: Mozilla/5.0 (Macintosh; Intel ...)
Processing ID 16380: https://neoauto.com/auto/usado/toyota-rav4-2017-1862313
  [DELISTED] Skipping https://neoauto.com/auto/usado/toyota-rav4-2017-1862313 (Listing finished)
Processing ID 16363: https://neoauto.com/auto/usado/toyota-rav4-2023-1862215
  Found 4 valid images. Downloading...
Processing ID 16331: https://neoauto.com/auto/usado/toyota-rav4-2020-1862178
  Found 4 valid images. Downloading...
Processing ID 16361: https://neoauto.com/auto/usado/mazda-cx-9-2024-1862182
  Found 4 valid images. Downloading...
Processing ID 16357: https://neoauto.com/auto/usado/toyota-rav4-2023-1862104
  [DELISTED] Skipping https://neoauto.com/auto/usado/toyota-rav4-2023-1862104 (Listing finished)
Processing ID 16332: https://neoauto.com/auto/usado/honda-wr-v-2024-1862191
  Found 4 valid images. Downloading...
  Cycling browser context...
  New Context Created (UA: Mozilla/5.0 (Macintosh; Intel ...)
Processing ID 16338: https://neoauto.com/auto/usado/honda-cr-v-2022-1862183
  [DELISTED] Skipping https://neoauto.com/auto/usado/honda-cr-v-2022-1862183 (Listing finished)
Processing ID 16335: https://neoauto.com/auto/usado/toyota-rav4-2018-1862146
  [DELISTED] Skipping https://neoauto.com/auto/usado/toyota-rav4-2018-1862146 (Listing finished)
  Cycling browser context...
  New Context Created (UA: Mozilla/5.0 (Macintosh; Intel ...)
Processing ID 16320: https://neoauto.com/auto/usado/kia-sonet-2024-1862196
  Found 4 valid images. Downloading...
Processing ID 16317: https://neoauto.com/auto/usado/jeep-grand-cherokee-laredo-2019-1862218
  Found 4 valid images. Downloading...
Processing ID 16321: https://neoauto.com/auto/usado/toyota-rush-2023-1862151
  Found 4 valid images. Downloading...
Processing ID 16306: https://neoauto.com/auto/usado/toyota-corolla-2019-1862226
  Found 4 valid images. Downloading...
Processing ID 16300: https://neoauto.com/auto/usado/kia-sonet-2023-1862184
  [DELISTED] Skipping https://neoauto.com/auto/usado/kia-sonet-2023-1862184 (Listing finished)
  Cycling browser context...
  New Context Created (UA: Mozilla/5.0 (Windows NT 10.0; ...)
Processing ID 16298: https://neoauto.com/auto/usado/volkswagen-jetta-2018-1862223
  [DELISTED] Skipping https://neoauto.com/auto/usado/volkswagen-jetta-2018-1862223 (Listing finished)
  Cycling browser context...
  New Context Created (UA: Mozilla/5.0 (Windows NT 10.0; ...)
Processing ID 16293: https://neoauto.com/auto/usado/toyota-hilux-2022-1862093
  Found 4 valid images. Downloading...
Processing ID 16290: https://neoauto.com/auto/usado/toyota-rav4-2022-1862102
  [DELISTED] Skipping https://neoauto.com/auto/usado/toyota-rav4-2022-1862102 (Listing finished)
Processing ID 16289: https://neoauto.com/auto/usado/bmw-x2-20i-2020-1862091
  Found 4 valid images. Downloading...
Processing ID 16276: https://neoauto.com/auto/usado/volkswagen-nivus-2024-1862101
  [DELISTED] Skipping https://neoauto.com/auto/usado/volkswagen-nivus-2024-1862101 (Listing finished)
  Cycling browser context...
  New Context Created (UA: Mozilla/5.0 (Macintosh; Intel ...)
Processing ID 16273: https://neoauto.com/auto/usado/subaru-forester-2020-1862095
  Found 4 valid images. Downloading...
  Cycling browser context...
  New Context Created (UA: Mozilla/5.0 (Windows NT 10.0; ...)
Processing ID 16269: https://neoauto.com/auto/usado/honda-cr-v-2018-1862072
  [DELISTED] Skipping https://neoauto.com/auto/usado/honda-cr-v-2018-1862072 (Listing finished)
Processing ID 16267: https://neoauto.com/auto/usado/kia-sportage-2019-1861990
  Found 4 valid images. Downloading...
Processing ID 16266: https://neoauto.com/auto/usado/bmw-x1-2023-1862090
  [DELISTED] Skipping https://neoauto.com/auto/usado/bmw-x1-2023-1862090 (Listing finished)
Processing ID 16262: https://neoauto.com/auto/usado/audi-a4-2018-1862078
  [DELISTED] Skipping https://neoauto.com/auto/usado/audi-a4-2018-1862078 (Listing finished)
  Cycling browser context...
  New Context Created (UA: Mozilla/5.0 (Windows NT 10.0; ...)
Processing ID 16258: https://neoauto.com/auto/usado/volkswagen-taos-2025-1862087
  Found 4 valid images. Downloading...
Processing ID 16250: https://neoauto.com/auto/usado/suzuki-jimny-2022-1862001
  Found 4 valid images. Downloading...
  Cycling browser context...
  New Context Created (UA: Mozilla/5.0 (Windows NT 10.0; ...)
Processing ID 16249: https://neoauto.com/auto/usado/kia-seltos-2023-1862025
  Found 4 valid images. Downloading...
Processing ID 16235: https://neoauto.com/auto/usado/toyota-hilux-2017-1862036
  Found 3 valid images. Downloading...
Processing ID 16232: https://neoauto.com/auto/usado/subaru-xv-2017-1862015
  [DELISTED] Skipping https://neoauto.com/auto/usado/subaru-xv-2017-1862015 (Listing finished)
Processing ID 16219: https://neoauto.com/auto/usado/honda-cr-v-2022-1862008
  Found 4 valid images. Downloading...
Processing ID 16098: https://neoauto.com/auto/usado/subaru-forester-2024-1861890
  Found 4 valid images. Downloading...
Processing ID 16210: https://neoauto.com/auto/usado/subaru-forester-2022-1861747
  [DELISTED] Skipping https://neoauto.com/auto/usado/subaru-forester-2022-1861747 (Listing finished)
Processing ID 16089: https://neoauto.com/auto/usado/kia-sportage-2020-1861742
  Found 4 valid images. Downloading...
Processing ID 16143: https://neoauto.com/auto/usado/hyundai-santa-fe-2025-1861690
  Found 4 valid images. Downloading...
Processing ID 16146: https://neoauto.com/auto/usado/subaru-forester-2017-1861846
  Found 4 valid images. Downloading...
Processing ID 16171: https://neoauto.com/auto/usado/toyota-corolla-2021-1861807
  Found 4 valid images. Downloading...
Processing ID 16135: https://neoauto.com/auto/usado/audi-q3-2023-1861658
  [DELISTED] Skipping https://neoauto.com/auto/usado/audi-q3-2023-1861658 (Listing finished)
Processing ID 16125: https://neoauto.com/auto/usado/hyundai-creta-2022-1861737
  [DELISTED] Skipping https://neoauto.com/auto/usado/hyundai-creta-2022-1861737 (Listing finished)
Processing ID 16100: https://neoauto.com/auto/usado/toyota-rav4-2023-1853610
  [DELISTED] Skipping https://neoauto.com/auto/usado/toyota-rav4-2023-1853610 (Listing finished)
  Cycling browser context...
  New Context Created (UA: Mozilla/5.0 (Windows NT 10.0; ...)
Processing ID 16150: https://neoauto.com/auto/usado/mazda-cx-3-2019-1861774
  [DELISTED] Skipping https://neoauto.com/auto/usado/mazda-cx-3-2019-1861774 (Listing finished)
Processing ID 16184: https://neoauto.com/auto/usado/toyota-rav4-2022-1861677
  [DELISTED] Skipping https://neoauto.com/auto/usado/toyota-rav4-2022-1861677 (Listing finished)
Processing ID 16126: https://neoauto.com/auto/usado/bmw-x1-18i-2024-1861907
  Found 4 valid images. Downloading...
Processing ID 16103: https://neoauto.com/auto/usado/toyota-rav4-2018-1861954
  Found 4 valid images. Downloading...
Processing ID 16107: https://neoauto.com/auto/usado/jeep-grand-cherokee-limited-2021-1861816
  [DELISTED] Skipping https://neoauto.com/auto/usado/jeep-grand-cherokee-limited-2021-1861816 (Listing finished)
Processing ID 16134: https://neoauto.com/auto/usado/hyundai-creta-2026-1861698
  [DELISTED] Skipping https://neoauto.com/auto/usado/hyundai-creta-2026-1861698 (Listing finished)
  Cycling browser context...
  New Context Created (UA: Mozilla/5.0 (Windows NT 10.0; ...)
Processing ID 16173: https://neoauto.com/auto/usado/toyota-fortuner-2019-1861967
  [DELISTED] Skipping https://neoauto.com/auto/usado/toyota-fortuner-2019-1861967 (Listing finished)
Processing ID 16119: https://neoauto.com/auto/usado/jeep-grand-cherokee-laredo-2020-1861976
  Found 4 valid images. Downloading...
Processing ID 16086: https://neoauto.com/auto/usado/hyundai-creta-2023-1861843
  Found 4 valid images. Downloading...
Processing ID 16208: https://neoauto.com/auto/usado/honda-wr-v-2020-1861829
  [DELISTED] Skipping https://neoauto.com/auto/usado/honda-wr-v-2020-1861829 (Listing finished)
  Cycling browser context...
  New Context Created (UA: Mozilla/5.0 (Macintosh; Intel ...)
Processing ID 16081: https://neoauto.com/auto/usado/subaru-forester-2018-1861669
  [DELISTED] Skipping https://neoauto.com/auto/usado/subaru-forester-2018-1861669 (Listing finished)
Processing ID 16183: https://neoauto.com/auto/usado/kia-seltos-2023-1861764
  Found 4 valid images. Downloading...
  Cycling browser context...
  New Context Created (UA: Mozilla/5.0 (Macintosh; Intel ...)
Processing ID 16048: https://neoauto.com/auto/usado/kia-picanto-cross-2024-1861959
  Found 4 valid images. Downloading...
Processing ID 16033: https://neoauto.com/auto/usado/hyundai-santa-fe-2023-1861938
  Found 4 valid images. Downloading...
Processing ID 16040: https://neoauto.com/auto/usado/kia-sonet-2026-1861883
  Found 4 valid images. Downloading...
Processing ID 16061: https://neoauto.com/auto/usado/toyota-hilux-2021-1861879
  [DELISTED] Skipping https://neoauto.com/auto/usado/toyota-hilux-2021-1861879 (Listing finished)
Processing ID 16008: https://neoauto.com/auto/seminuevo/toyota-corolla-cross-2023-1861758
  [DELISTED] Skipping https://neoauto.com/auto/seminuevo/toyota-corolla-cross-2023-1861758 (Listing finished)
Processing ID 16011: https://neoauto.com/auto/usado/mazda-cx-5-2024-1861759
  Found 4 valid images. Downloading...
Processing ID 15988: https://neoauto.com/auto/usado/kia-picanto-2020-1861581
  [DELISTED] Skipping https://neoauto.com/auto/usado/kia-picanto-2020-1861581 (Listing finished)
Processing ID 15995: https://neoauto.com/auto/usado/volkswagen-taos-2022-1861652
  [DELISTED] Skipping https://neoauto.com/auto/usado/volkswagen-taos-2022-1861652 (Listing finished)
Processing ID 15987: https://neoauto.com/auto/usado/volkswagen-tiguan-allspace-2020-1861653
  Found 4 valid images. Downloading...
Processing ID 15972: https://neoauto.com/auto/usado/bmw-x1-20i-2018-1861580
  [DELISTED] Skipping https://neoauto.com/auto/usado/bmw-x1-20i-2018-1861580 (Listing finished)
Processing ID 15948: https://neoauto.com/auto/usado/mazda-cx-3-2022-1861587
  Found 4 valid images. Downloading...
Processing ID 15964: https://neoauto.com/auto/usado/hyundai-tucson-2022-1861596
  [DELISTED] Skipping https://neoauto.com/auto/usado/hyundai-tucson-2022-1861596 (Listing finished)
  Cycling browser context...
  New Context Created (UA: Mozilla/5.0 (Macintosh; Intel ...)
Processing ID 15960: https://neoauto.com/auto/seminuevo/audi-q3-2025-1861607
  [DELISTED] Skipping https://neoauto.com/auto/seminuevo/audi-q3-2025-1861607 (Listing finished)
Processing ID 15953: https://neoauto.com/auto/usado/subaru-xv-2022-1861577
  Found 4 valid images. Downloading...
Processing ID 15949: https://neoauto.com/auto/seminuevo/volkswagen-amarok-2022-1861649
  [DELISTED] Skipping https://neoauto.com/auto/seminuevo/volkswagen-amarok-2022-1861649 (Listing finished)
  Cycling browser context...
  New Context Created (UA: Mozilla/5.0 (Windows NT 10.0; ...)
Processing ID 15996: https://neoauto.com/auto/seminuevo/toyota-fortuner-2021-1861593
  [DELISTED] Skipping https://neoauto.com/auto/seminuevo/toyota-fortuner-2021-1861593 (Listing finished)
Processing ID 16002: https://neoauto.com/auto/usado/hyundai-tucson-2019-1861634
  Found 4 valid images. Downloading...
  Cycling browser context...
  New Context Created (UA: Mozilla/5.0 (Windows NT 10.0; ...)
Processing ID 15933: https://neoauto.com/auto/usado/mazda-cx-3-2018-1861532
  Found 4 valid images. Downloading...
Processing ID 15922: https://neoauto.com/auto/seminuevo/toyota-rav4-2022-1861460
  Found 4 valid images. Downloading...
Processing ID 15921: https://neoauto.com/auto/usado/toyota-corolla-cross-2025-1861565
  Found 4 valid images. Downloading...
Processing ID 15903: https://neoauto.com/auto/usado/kia-picanto-2025-1861494
  Found 4 valid images. Downloading...
  Cycling browser context...
  New Context Created (UA: Mozilla/5.0 (Windows NT 10.0; ...)
Processing ID 15900: https://neoauto.com/auto/usado/mazda-cx-5-2020-1861546
  Found 4 valid images. Downloading...
Processing ID 15897: https://neoauto.com/auto/usado/honda-cr-v-2022-1861548
  Found 4 valid images. Downloading...
Processing ID 15891: https://neoauto.com/auto/usado/hyundai-tucson-2018-1861536
  Found 4 valid images. Downloading...
  Cycling browser context...
  New Context Created (UA: Mozilla/5.0 (Macintosh; Intel ...)
Processing ID 15878: https://neoauto.com/auto/usado/honda-cr-v-2022-1861508
  [DELISTED] Skipping https://neoauto.com/auto/usado/honda-cr-v-2022-1861508 (Listing finished)
Processing ID 15875: https://neoauto.com/auto/seminuevo/hyundai-venue-2025-1861552
  [DELISTED] Skipping https://neoauto.com/auto/seminuevo/hyundai-venue-2025-1861552 (Listing finished)
  Cycling browser context...
  New Context Created (UA: Mozilla/5.0 (Macintosh; Intel ...)
Processing ID 15888: https://neoauto.com/auto/usado/kia-soluto-2025-1861539
  Found 4 valid images. Downloading...
  Cycling browser context...
  New Context Created (UA: Mozilla/5.0 (Macintosh; Intel ...)
Processing ID 15902: https://neoauto.com/auto/usado/jeep-grand-cherokee-limited-2016-1861507
  Found 4 valid images. Downloading...
Processing ID 15938: https://neoauto.com/auto/usado/hyundai-tucson-2018-1861493
  Found 4 valid images. Downloading...
Processing ID 15866: https://neoauto.com/auto/usado/toyota-rush-2024-1861405
  Found 4 valid images. Downloading...
Processing ID 15856: https://neoauto.com/auto/usado/hyundai-creta-2022-1861408
  [DELISTED] Skipping https://neoauto.com/auto/usado/hyundai-creta-2022-1861408 (Listing finished)
Processing ID 15839: https://neoauto.com/auto/usado/volkswagen-tiguan-allspace-2020-1861437
  Found 4 valid images. Downloading...
  Cycling browser context...
  New Context Created (UA: Mozilla/5.0 (Windows NT 10.0; ...)
Processing ID 15820: https://neoauto.com/auto/usado/jeep-grand-cherokee-laredo-2021-1861463
  [DELISTED] Skipping https://neoauto.com/auto/usado/jeep-grand-cherokee-laredo-2021-1861463 (Listing finished)
  Cycling browser context...
  New Context Created (UA: Mozilla/5.0 (Macintosh; Intel ...)
Processing ID 15868: https://neoauto.com/auto/usado/volkswagen-jetta-2020-1861388
  Found 4 valid images. Downloading...
Processing ID 15829: https://neoauto.com/auto/usado/honda-hr-v-2021-1861438
  [DELISTED] Skipping https://neoauto.com/auto/usado/honda-hr-v-2021-1861438 (Listing finished)
Processing ID 15816: https://neoauto.com/auto/usado/honda-cr-v-2017-1861468
  Found 4 valid images. Downloading...
Processing ID 15828: https://neoauto.com/auto/usado/honda-wr-v-2023-1861416
  Found 4 valid images. Downloading...
Processing ID 15862: https://neoauto.com/auto/usado/toyota-hilux-2020-1853865
  [DELISTED] Skipping https://neoauto.com/auto/usado/toyota-hilux-2020-1853865 (Listing finished)
  Cycling browser context...
  New Context Created (UA: Mozilla/5.0 (Windows NT 10.0; ...)
Processing ID 15832: https://neoauto.com/auto/usado/volkswagen-tiguan-allspace-2023-1861400
  [DELISTED] Skipping https://neoauto.com/auto/usado/volkswagen-tiguan-allspace-2023-1861400 (Listing finished)
Processing ID 15800: https://neoauto.com/auto/usado/hyundai-creta-grand-2018-1859074
  Found 4 valid images. Downloading...
  Cycling browser context...
  New Context Created (UA: Mozilla/5.0 (Macintosh; Intel ...)
Processing ID 15799: https://neoauto.com/auto/seminuevo/mazda-cx-5-2023-1861379
  [DELISTED] Skipping https://neoauto.com/auto/seminuevo/mazda-cx-5-2023-1861379 (Listing finished)
Processing ID 15797: https://neoauto.com/auto/usado/toyota-rush-2024-1861351
  [DELISTED] Skipping https://neoauto.com/auto/usado/toyota-rush-2024-1861351 (Listing finished)
Processing ID 15793: https://neoauto.com/auto/usado/toyota-rav4-2017-1861374
  Found 4 valid images. Downloading...
Processing ID 15791: https://neoauto.com/auto/usado/honda-wr-v-2020-1861363
  [DELISTED] Skipping https://neoauto.com/auto/usado/honda-wr-v-2020-1861363 (Listing finished)
Processing ID 15782: https://neoauto.com/auto/usado/kia-sportage-2023-1832447
  Found 4 valid images. Downloading...
Processing ID 15776: https://neoauto.com/auto/usado/kia-sorento-2025-1861381
  [DELISTED] Skipping https://neoauto.com/auto/usado/kia-sorento-2025-1861381 (Listing finished)
Processing ID 15775: https://neoauto.com/auto/usado/toyota-hilux-2024-1861338
  [DELISTED] Skipping https://neoauto.com/auto/usado/toyota-hilux-2024-1861338 (Listing finished)
Processing ID 15741: https://neoauto.com/auto/seminuevo/audi-q3-2018-1861278
  [DELISTED] Skipping https://neoauto.com/auto/seminuevo/audi-q3-2018-1861278 (Listing finished)
Processing ID 15726: https://neoauto.com/auto/seminuevo/subaru-forester-2021-1861318
  [DELISTED] Skipping https://neoauto.com/auto/seminuevo/subaru-forester-2021-1861318 (Listing finished)
Processing ID 15720: https://neoauto.com/auto/usado/subaru-forester-2018-1832765
  [DELISTED] Skipping https://neoauto.com/auto/usado/subaru-forester-2018-1832765 (Listing finished)
Processing ID 15718: https://neoauto.com/auto/usado/volkswagen-jetta-2022-1861277
  Found 4 valid images. Downloading...
Processing ID 15714: https://neoauto.com/auto/seminuevo/hyundai-tucson-2023-1861295
  Found 4 valid images. Downloading...
Processing ID 15711: https://neoauto.com/auto/seminuevo/volkswagen-tiguan-2020-1861305
  Found 4 valid images. Downloading...
Processing ID 15708: https://neoauto.com/auto/usado/toyota-corolla-2016-1861308
  Found 4 valid images. Downloading...
Processing ID 15703: https://neoauto.com/auto/usado/volkswagen-tiguan-allspace-2023-1861282
  [DELISTED] Skipping https://neoauto.com/auto/usado/volkswagen-tiguan-allspace-2023-1861282 (Listing finished)
Processing ID 15701: https://neoauto.com/auto/usado/mazda-cx-5-2025-1861302
  Found 4 valid images. Downloading...
Processing ID 15758: https://neoauto.com/auto/usado/bmw-x1-18i-2018-1861314
  Found 4 valid images. Downloading...
Processing ID 15751: https://neoauto.com/auto/usado/mazda-cx-9-2019-1861283
  [DELISTED] Skipping https://neoauto.com/auto/usado/mazda-cx-9-2019-1861283 (Listing finished)
Processing ID 15746: https://neoauto.com/auto/seminuevo/hyundai-creta-grand-2023-1861293
  [DELISTED] Skipping https://neoauto.com/auto/seminuevo/hyundai-creta-grand-2023-1861293 (Listing finished)
Processing ID 15743: https://neoauto.com/auto/seminuevo/jeep-grand-cherokee-2022-1859210
  Found 4 valid images. Downloading...
  Cycling browser context...
  New Context Created (UA: Mozilla/5.0 (Macintosh; Intel ...)
Processing ID 15673: https://neoauto.com/auto/usado/subaru-forester-2020-1861226
  [DELISTED] Skipping https://neoauto.com/auto/usado/subaru-forester-2020-1861226 (Listing finished)
Processing ID 15670: https://neoauto.com/auto/usado/kia-sorento-2016-1861222
  [DELISTED] Skipping https://neoauto.com/auto/usado/kia-sorento-2016-1861222 (Listing finished)
  Cycling browser context...
  New Context Created (UA: Mozilla/5.0 (Macintosh; Intel ...)
Processing ID 15668: https://neoauto.com/auto/usado/volkswagen-taos-2024-1861205
  Found 4 valid images. Downloading...
Processing ID 15666: https://neoauto.com/auto/usado/volkswagen-tiguan-2021-1861213
  [DELISTED] Skipping https://neoauto.com/auto/usado/volkswagen-tiguan-2021-1861213 (Listing finished)
  Cycling browser context...
  New Context Created (UA: Mozilla/5.0 (Macintosh; Intel ...)
Processing ID 15646: https://neoauto.com/auto/seminuevo/jeep-grand-cherokee-limited-2019-1861148
  [DELISTED] Skipping https://neoauto.com/auto/seminuevo/jeep-grand-cherokee-limited-2019-1861148 (Listing finished)
  Cycling browser context...
  New Context Created (UA: Mozilla/5.0 (Macintosh; Intel ...)
Processing ID 15637: https://neoauto.com/auto/seminuevo/hyundai-tucson-2026-1860781
  [DELISTED] Skipping https://neoauto.com/auto/seminuevo/hyundai-tucson-2026-1860781 (Listing finished)
Processing ID 15635: https://neoauto.com/auto/usado/honda-cr-v-2023-1861198
  Found 4 valid images. Downloading...
  Cycling browser context...
  New Context Created (UA: Mozilla/5.0 (Windows NT 10.0; ...)
Processing ID 15650: https://neoauto.com/auto/usado/mazda-cx-5-2020-1861170
  [DELISTED] Skipping https://neoauto.com/auto/usado/mazda-cx-5-2020-1861170 (Listing finished)
Processing ID 15632: https://neoauto.com/auto/usado/kia-picanto-cross-2022-1861193
  [DELISTED] Skipping https://neoauto.com/auto/usado/kia-picanto-cross-2022-1861193 (Listing finished)
Processing ID 15657: https://neoauto.com/auto/seminuevo/ford-ranger-2023-1858330
  [DELISTED] Skipping https://neoauto.com/auto/seminuevo/ford-ranger-2023-1858330 (Listing finished)
  Cycling browser context...
  New Context Created (UA: Mozilla/5.0 (Windows NT 10.0; ...)
Processing ID 15629: https://neoauto.com/auto/seminuevo/subaru-forester-2024-1860776
  [DELISTED] Skipping https://neoauto.com/auto/seminuevo/subaru-forester-2024-1860776 (Listing finished)
Processing ID 15623: https://neoauto.com/auto/usado/bmw-x1-20i-2017-1861199
  Found 4 valid images. Downloading...
Processing ID 15620: https://neoauto.com/auto/usado/toyota-fortuner-2019-1861140
  Found 4 valid images. Downloading...
Processing ID 15617: https://neoauto.com/auto/seminuevo/jeep-grand-cherokee-summit-2023-1861149
  Found 4 valid images. Downloading...
Processing ID 15605: https://neoauto.com/auto/usado/kia-picanto-cross-2022-1861189
  [DELISTED] Skipping https://neoauto.com/auto/usado/kia-picanto-cross-2022-1861189 (Listing finished)
  Cycling browser context...
  New Context Created (UA: Mozilla/5.0 (Windows NT 10.0; ...)
Processing ID 15652: https://neoauto.com/auto/seminuevo/mazda-cx-5-2020-1860206
  [DELISTED] Skipping https://neoauto.com/auto/seminuevo/mazda-cx-5-2020-1860206 (Listing finished)
Processing ID 15248: https://neoauto.com/auto/usado/kia-sportage-2025-1860862
  [DELISTED] Skipping https://neoauto.com/auto/usado/kia-sportage-2025-1860862 (Listing finished)
Processing ID 15250: https://neoauto.com/auto/usado/volkswagen-taos-2022-1860034
  Found 4 valid images. Downloading...
Processing ID 15257: https://neoauto.com/auto/usado/subaru-new-xv-2018-1860809
  Found 4 valid images. Downloading...
Processing ID 15593: https://neoauto.com/auto/usado/suzuki-jimny-2020-1859982
  Found 2 valid images. Downloading...
  Cycling browser context...
  New Context Created (UA: Mozilla/5.0 (Windows NT 10.0; ...)
Processing ID 15288: https://neoauto.com/auto/usado/honda-cr-v-2023-1860667
  [DELISTED] Skipping https://neoauto.com/auto/usado/honda-cr-v-2023-1860667 (Listing finished)
Processing ID 15407: https://neoauto.com/auto/usado/toyota-hilux-2022-1860792
  Found 4 valid images. Downloading...
Processing ID 15564: https://neoauto.com/auto/usado/hyundai-creta-2024-1859693
  [DELISTED] Skipping https://neoauto.com/auto/usado/hyundai-creta-2024-1859693 (Listing finished)
  Cycling browser context...
  New Context Created (UA: Mozilla/5.0 (Macintosh; Intel ...)
Processing ID 15436: https://neoauto.com/auto/usado/toyota-corolla-2023-1860094
  [DELISTED] Skipping https://neoauto.com/auto/usado/toyota-corolla-2023-1860094 (Listing finished)
Processing ID 15561: https://neoauto.com/auto/usado/hyundai-creta-2020-1860625
  Found 4 valid images. Downloading...
  Cycling browser context...
  New Context Created (UA: Mozilla/5.0 (Macintosh; Intel ...)
Processing ID 15447: https://neoauto.com/auto/usado/hyundai-tucson-2023-1860810
  Found 4 valid images. Downloading...
Processing ID 15463: https://neoauto.com/auto/usado/hyundai-creta-2016-1859505
  [DELISTED] Skipping https://neoauto.com/auto/usado/hyundai-creta-2016-1859505 (Listing finished)
Processing ID 15545: https://neoauto.com/auto/usado/volkswagen-tiguan-allspace-2018-1860358
  Found 4 valid images. Downloading...
Processing ID 15540: https://neoauto.com/auto/usado/kia-sonet-2023-1859695
  [DELISTED] Skipping https://neoauto.com/auto/usado/kia-sonet-2023-1859695 (Listing finished)
Processing ID 15513: https://neoauto.com/auto/usado/toyota-corolla-2018-1859756
  [DELISTED] Skipping https://neoauto.com/auto/usado/toyota-corolla-2018-1859756 (Listing finished)
Processing ID 15512: https://neoauto.com/auto/usado/toyota-rav4-2021-1861136
  Found 4 valid images. Downloading...
Processing ID 15507: https://neoauto.com/auto/usado/audi-q3-2021-1861129
  Found 4 valid images. Downloading...
  Cycling browser context...
  New Context Created (UA: Mozilla/5.0 (Macintosh; Intel ...)
Processing ID 15461: https://neoauto.com/auto/usado/audi-a4-2018-1860677
  Found 4 valid images. Downloading...
Processing ID 15430: https://neoauto.com/auto/usado/volkswagen-tiguan-allspace-2020-1860392
  Found 4 valid images. Downloading...
  Cycling browser context...
  New Context Created (UA: Mozilla/5.0 (Macintosh; Intel ...)
Processing ID 15424: https://neoauto.com/auto/seminuevo/audi-a4-2017-1861088
  [DELISTED] Skipping https://neoauto.com/auto/seminuevo/audi-a4-2017-1861088 (Listing finished)
Processing ID 15422: https://neoauto.com/auto/usado/subaru-xv-2018-1861137
  Found 4 valid images. Downloading...
Processing ID 15397: https://neoauto.com/auto/usado/hyundai-santa-fe-2017-1860527
  Found 2 valid images. Downloading...
Processing ID 15390: https://neoauto.com/auto/usado/mazda-cx-3-2020-1860413
  Found 4 valid images. Downloading...
Processing ID 15348: https://neoauto.com/auto/usado/honda-cr-v-2022-1861048
  [DELISTED] Skipping https://neoauto.com/auto/usado/honda-cr-v-2022-1861048 (Listing finished)
Processing ID 15347: https://neoauto.com/auto/usado/honda-hr-v-2018-1861042
  Found 4 valid images. Downloading...
  Cycling browser context...
  New Context Created (UA: Mozilla/5.0 (Windows NT 10.0; ...)
Processing ID 15332: https://neoauto.com/auto/usado/subaru-xv-2018-1861044
  [DELISTED] Skipping https://neoauto.com/auto/usado/subaru-xv-2018-1861044 (Listing finished)
Processing ID 15325: https://neoauto.com/auto/usado/mazda-cx-9-2022-1860853
  [DELISTED] Skipping https://neoauto.com/auto/usado/mazda-cx-9-2022-1860853 (Listing finished)
Processing ID 15265: https://neoauto.com/auto/usado/subaru-new-xv-2017-1706238
  [DELISTED] Skipping https://neoauto.com/auto/usado/subaru-new-xv-2017-1706238 (Listing finished)
Processing ID 15253: https://neoauto.com/auto/usado/toyota-fortuner-2021-1860663
  [DELISTED] Skipping https://neoauto.com/auto/usado/toyota-fortuner-2021-1860663 (Listing finished)
Processing ID 15565: https://neoauto.com/auto/usado/toyota-hilux-2024-1834826
  [DELISTED] Skipping https://neoauto.com/auto/usado/toyota-hilux-2024-1834826 (Listing finished)
Processing ID 15586: https://neoauto.com/auto/usado/toyota-corolla-hybrid-2021-1859993
  [DELISTED] Skipping https://neoauto.com/auto/usado/toyota-corolla-hybrid-2021-1859993 (Listing finished)
Processing ID 15319: https://neoauto.com/auto/seminuevo/ford-ranger-raptor-2023-1861083
  Found 4 valid images. Downloading...
Processing ID 15533: https://neoauto.com/auto/usado/toyota-corolla-cross-2023-1860684
  [DELISTED] Skipping https://neoauto.com/auto/usado/toyota-corolla-cross-2023-1860684 (Listing finished)
Processing ID 15519: https://neoauto.com/auto/usado/subaru-forester-2025-1860057
  Found 4 valid images. Downloading...
Processing ID 15249: https://neoauto.com/auto/usado/volkswagen-taos-2022-1859508
  Found 4 valid images. Downloading...
Processing ID 15438: https://neoauto.com/auto/usado/hyundai-tucson-2020-1859986
  [DELISTED] Skipping https://neoauto.com/auto/usado/hyundai-tucson-2020-1859986 (Listing finished)
  Cycling browser context...
  New Context Created (UA: Mozilla/5.0 (Macintosh; Intel ...)
Processing ID 15371: https://neoauto.com/auto/usado/toyota-corolla-2019-1860678
  [DELISTED] Skipping https://neoauto.com/auto/usado/toyota-corolla-2019-1860678 (Listing finished)
Processing ID 15551: https://neoauto.com/auto/usado/mitsubishi-l200-2024-1860608
  [DELISTED] Skipping https://neoauto.com/auto/usado/mitsubishi-l200-2024-1860608 (Listing finished)
  Cycling browser context...
  New Context Created (UA: Mozilla/5.0 (Macintosh; Intel ...)
Processing ID 15486: https://neoauto.com/auto/usado/subaru-forester-2025-1860817
  [DELISTED] Skipping https://neoauto.com/auto/usado/subaru-forester-2025-1860817 (Listing finished)
Processing ID 15405: https://neoauto.com/auto/usado/toyota-rav4-2021-1860788
  [DELISTED] Skipping https://neoauto.com/auto/usado/toyota-rav4-2021-1860788 (Listing finished)
Processing ID 15552: https://neoauto.com/auto/usado/hyundai-creta-2024-1860073
  [DELISTED] Skipping https://neoauto.com/auto/usado/hyundai-creta-2024-1860073 (Listing finished)
Processing ID 15400: https://neoauto.com/auto/usado/toyota-hilux-2026-1860407
  [DELISTED] Skipping https://neoauto.com/auto/usado/toyota-hilux-2026-1860407 (Listing finished)
Processing ID 15351: https://neoauto.com/auto/usado/volkswagen-tiguan-allspace-2021-1859988
  Found 4 valid images. Downloading...
Processing ID 15444: https://neoauto.com/auto/usado/audi-a4-2021-1860662
  [DELISTED] Skipping https://neoauto.com/auto/usado/audi-a4-2021-1860662 (Listing finished)
Processing ID 15448: https://neoauto.com/auto/usado/audi-q3-2018-1860324
  Found 4 valid images. Downloading...
Processing ID 15437: https://neoauto.com/auto/usado/subaru-forester-2019-1860607
  Found 4 valid images. Downloading...
Processing ID 15429: https://neoauto.com/auto/usado/subaru-all-new-forester-2023-1861065
  Found 4 valid images. Downloading...
Processing ID 15569: https://neoauto.com/auto/usado/kia-seltos-2024-1860107
  Found 4 valid images. Downloading...
Processing ID 15412: https://neoauto.com/auto/usado/audi-q3-sportback-2022-1860523
  [DELISTED] Skipping https://neoauto.com/auto/usado/audi-q3-sportback-2022-1860523 (Listing finished)
Processing ID 15577: https://neoauto.com/auto/usado/suzuki-jimny-2024-1856606
  [DELISTED] Skipping https://neoauto.com/auto/usado/suzuki-jimny-2024-1856606 (Listing finished)
Processing ID 15382: https://neoauto.com/auto/usado/hyundai-santa-fe-2022-1860932
  [DELISTED] Skipping https://neoauto.com/auto/usado/hyundai-santa-fe-2022-1860932 (Listing finished)
  Cycling browser context...
  New Context Created (UA: Mozilla/5.0 (Macintosh; Intel ...)
Processing ID 15582: https://neoauto.com/auto/usado/bmw-x1-2018-1859928
  Found 4 valid images. Downloading...
Processing ID 15352: https://neoauto.com/auto/usado/hyundai-elantra-2020-1860089
  [DELISTED] Skipping https://neoauto.com/auto/usado/hyundai-elantra-2020-1860089 (Listing finished)
Processing ID 15350: https://neoauto.com/auto/usado/bmw-x1-18i-2018-1860780
  [DELISTED] Skipping https://neoauto.com/auto/usado/bmw-x1-18i-2018-1860780 (Listing finished)
  Cycling browser context...
  New Context Created (UA: Mozilla/5.0 (Macintosh; Intel ...)
Processing ID 15338: https://neoauto.com/auto/usado/subaru-forester-2023-1860838
  [DELISTED] Skipping https://neoauto.com/auto/usado/subaru-forester-2023-1860838 (Listing finished)
Processing ID 15244: https://neoauto.com/auto/usado/kia-picanto-2017-1860338
  [DELISTED] Skipping https://neoauto.com/auto/usado/kia-picanto-2017-1860338 (Listing finished)
Processing ID 15506: https://neoauto.com/auto/usado/toyota-rush-2023-1861099
  Found 4 valid images. Downloading...
Processing ID 15484: https://neoauto.com/auto/usado/mazda-cx-5-2024-1860823
  Found 4 valid images. Downloading...
  Cycling browser context...
  New Context Created (UA: Mozilla/5.0 (Windows NT 10.0; ...)
Processing ID 15589: https://neoauto.com/auto/usado/subaru-new-xv-2021-1860605
  Found 3 valid images. Downloading...
Processing ID 15302: https://neoauto.com/auto/usado/kia-sportage-2019-1861126
  [DELISTED] Skipping https://neoauto.com/auto/usado/kia-sportage-2019-1861126 (Listing finished)
Processing ID 15464: https://neoauto.com/auto/usado/toyota-rush-2021-1860051
  [DELISTED] Skipping https://neoauto.com/auto/usado/toyota-rush-2021-1860051 (Listing finished)
Processing ID 15318: https://neoauto.com/auto/seminuevo/audi-a4-2020-1861128
  Found 4 valid images. Downloading...
Processing ID 15404: https://neoauto.com/auto/usado/hyundai-creta-2022-1860405
  [DELISTED] Skipping https://neoauto.com/auto/usado/hyundai-creta-2022-1860405 (Listing finished)
  Cycling browser context...
  New Context Created (UA: Mozilla/5.0 (Macintosh; Intel ...)
Processing ID 15233: https://neoauto.com/auto/usado/toyota-rav4-2018-1861043
  [DELISTED] Skipping https://neoauto.com/auto/usado/toyota-rav4-2018-1861043 (Listing finished)
Processing ID 15219: https://neoauto.com/auto/usado/toyota-corolla-2017-1861004
  [DELISTED] Skipping https://neoauto.com/auto/usado/toyota-corolla-2017-1861004 (Listing finished)
Processing ID 15212: https://neoauto.com/auto/usado/kia-sorento-2024-1861024
  Found 4 valid images. Downloading...
Processing ID 15209: https://neoauto.com/auto/seminuevo/volkswagen-tiguan-2021-1861008
  Found 4 valid images. Downloading...
Generating HTML report with dynamic cover page...
Converting images to base64 for car ID 17163...
  [MEDIAN] A4 2018: $20,400 (year-specific)
Converting images to base64 for car ID 17159...
  [MEDIAN] AMAROK 2019: $25,500 (year-specific)
Converting images to base64 for car ID 17176...
  [MEDIAN] X2 20I 2017: $32,000 (global fallback)
Converting images to base64 for car ID 17144...
  [MEDIAN] GRAND CHEROKEE LAREDO 2019: $22,900 (year-specific)
Converting images to base64 for car ID 17145...
  [MEDIAN] TAOS 2022: $22,900 (global fallback)
Converting images to base64 for car ID 17154...
  [MEDIAN] SONET 2022: $17,000 (global fallback)
Converting images to base64 for car ID 17157...
  [MEDIAN] TIGUAN ALLSPACE 2021: $21,500 (year-specific)
Converting images to base64 for car ID 17147...
  [MEDIAN] NIVUS 2021: $17,900 (global fallback)
Converting images to base64 for car ID 17122...
  [MEDIAN] HILUX 2022: $29,400 (year-specific)
Converting images to base64 for car ID 16942...
  [MEDIAN] RAIZE 2023: $16,600 (global fallback)
Converting images to base64 for car ID 17099...
  [MEDIAN] Q3 SPORTBACK 2023: $32,000 (global fallback)
Converting images to base64 for car ID 17094...
  [MEDIAN] A4 2023: $28,490 (year-specific)
Converting images to base64 for car ID 16972...
Converting images to base64 for car ID 17079...
  [MEDIAN] COROLLA 2019: $14,000 (year-specific)
Converting images to base64 for car ID 17070...
  [MEDIAN] FORESTER 2023: $29,650 (year-specific)
Converting images to base64 for car ID 16992...
Converting images to base64 for car ID 17039...
Converting images to base64 for car ID 17033...
  [MEDIAN] A4 2022: $27,000 (year-specific)
Converting images to base64 for car ID 16935...
Converting images to base64 for car ID 17021...
  [MEDIAN] XV 2017: $13,000 (year-specific)
Converting images to base64 for car ID 17101...
Converting images to base64 for car ID 17075...
  [MEDIAN] CRETA 2023: $18,000 (year-specific)
Converting images to base64 for car ID 17071...
Converting images to base64 for car ID 17141...
  [MEDIAN] JIMNY 2025: $23,500 (year-specific)
Converting images to base64 for car ID 16887...
  [MEDIAN] X1 18I 2020: $24,500 (year-specific)
Converting images to base64 for car ID 16909...
  [MEDIAN] TIGUAN ALLSPACE 2017: $21,000 (global fallback)
Converting images to base64 for car ID 16919...
  [MEDIAN] X1 18I 2023: $33,200 (year-specific)
Converting images to base64 for car ID 17078...
  [MEDIAN] Q3 2017: $18,200 (year-specific)
Converting images to base64 for car ID 17063...
  [MEDIAN] HILUX 2021: $30,000 (year-specific)
Converting images to base64 for car ID 17022...
  [MEDIAN] RAV4 2022: $29,000 (year-specific)
Converting images to base64 for car ID 17019...
  [MEDIAN] ALL NEW FORESTER 2019 2019: $20,000 (global fallback)
Converting images to base64 for car ID 17061...
Converting images to base64 for car ID 17120...
Converting images to base64 for car ID 17047...
  [MEDIAN] HILUX 2023: $28,900 (year-specific)
Converting images to base64 for car ID 16917...
Converting images to base64 for car ID 17064...
  [MEDIAN] TIGUAN 2020: $13,500 (global fallback)
Converting images to base64 for car ID 16946...
  [MEDIAN] RAV4 2021: $23,800 (year-specific)
Converting images to base64 for car ID 16994...
  [MEDIAN] X1 20I 2017: $17,000 (year-specific)
Converting images to base64 for car ID 17032...
  [MEDIAN] SONET 2022: $17,000 (global fallback)
Converting images to base64 for car ID 16880...
Converting images to base64 for car ID 16851...
  [MEDIAN] SANTA FE 2022: $19,800 (global fallback)
Converting images to base64 for car ID 16852...
  [MEDIAN] SOLUTO 2024: $12,300 (year-specific)
Converting images to base64 for car ID 16855...
Converting images to base64 for car ID 16850...
  [MEDIAN] FORESTER 2019: $17,000 (year-specific)
Converting images to base64 for car ID 16856...
  [MEDIAN] L200 2023: $22,900 (year-specific)
Converting images to base64 for car ID 16827...
Converting images to base64 for car ID 16818...
  [MEDIAN] CRETA 2019: $15,000 (year-specific)
Converting images to base64 for car ID 16816...
  [MEDIAN] HILUX 2019: $21,000 (year-specific)
Converting images to base64 for car ID 16813...
  [MEDIAN] GRAND CHEROKEE LIMITED 2023: $46,990 (year-specific)
Converting images to base64 for car ID 16812...
  [MEDIAN] COROLLA CROSS 2022: $23,000 (global fallback)
Converting images to base64 for car ID 16794...
  [MEDIAN] A4 2017: $18,500 (year-specific)
Converting images to base64 for car ID 16791...
  [MEDIAN] RAV4 2023: $31,000 (year-specific)
Converting images to base64 for car ID 16762...
  [MEDIAN] RANGER RAPTOR 2022: $61,900 (global fallback)
Converting images to base64 for car ID 16755...
Converting images to base64 for car ID 16754...
Converting images to base64 for car ID 16750...
Converting images to base64 for car ID 16746...
  [MEDIAN] GRAND CHEROKEE LAREDO 2018: $20,900 (year-specific)
Converting images to base64 for car ID 16740...
  [MEDIAN] NP300 FRONTIER 2022: $18,200 (global fallback)
Converting images to base64 for car ID 16719...
  [MEDIAN] NIVUS 2021: $17,900 (global fallback)
Converting images to base64 for car ID 16683...
  [MEDIAN] FORESTER 2019: $17,000 (year-specific)
Converting images to base64 for car ID 16699...
  [MEDIAN] A4 2019: $20,800 (year-specific)
Converting images to base64 for car ID 16697...
  [MEDIAN] SORENTO 2016: $14,500 (year-specific)
Converting images to base64 for car ID 16693...
  [MEDIAN] SANTA FE 2020: $23,500 (year-specific)
Converting images to base64 for car ID 16680...
  [MEDIAN] X1 20I 2022: $21,900 (global fallback)
Converting images to base64 for car ID 16679...
Converting images to base64 for car ID 16650...
  [MEDIAN] SONET 2023: $15,500 (year-specific)
Converting images to base64 for car ID 16645...
  [MEDIAN] FORESTER 2019: $17,000 (year-specific)
Converting images to base64 for car ID 16635...
Converting images to base64 for car ID 16633...
Converting images to base64 for car ID 16631...
  [MEDIAN] COROLLA 2024: $21,500 (year-specific)
Converting images to base64 for car ID 16630...
  [MEDIAN] COROLLA 2021: $16,800 (year-specific)
Converting images to base64 for car ID 16629...
Converting images to base64 for car ID 16606...
  [MEDIAN] SPORTAGE 2016: $14,200 (year-specific)
Converting images to base64 for car ID 16597...
  [MEDIAN] FRONTIER 2020: $18,700 (year-specific)
Converting images to base64 for car ID 16580...
  [MEDIAN] JETTA 2017: $13,000 (year-specific)
Converting images to base64 for car ID 16570...
  [MEDIAN] HILUX 2017: $28,900 (global fallback)
Converting images to base64 for car ID 16569...
  [MEDIAN] RAV4 2020: $22,500 (year-specific)
Converting images to base64 for car ID 16563...
Converting images to base64 for car ID 16560...
  [MEDIAN] JIMNY 2025: $23,500 (year-specific)
Converting images to base64 for car ID 16559...
Converting images to base64 for car ID 16554...
Converting images to base64 for car ID 16531...
  [MEDIAN] SANTA FE 2019: $19,800 (year-specific)
Converting images to base64 for car ID 16536...
  [MEDIAN] RUSH 2019: $18,900 (global fallback)
Converting images to base64 for car ID 16524...
  [MEDIAN] TIGUAN ALLSPACE 2020: $23,000 (year-specific)
Converting images to base64 for car ID 16490...
  [MEDIAN] CRETA 2019: $15,000 (year-specific)
Converting images to base64 for car ID 16507...
  [MEDIAN] NIVUS 2022: $17,900 (year-specific)
Converting images to base64 for car ID 16504...
  [MEDIAN] Q3 2018: $21,700 (year-specific)
Converting images to base64 for car ID 16503...
Converting images to base64 for car ID 16492...
  [MEDIAN] TIGUAN 2023: $25,900 (year-specific)
Converting images to base64 for car ID 16484...
Converting images to base64 for car ID 16471...
  [MEDIAN] TIGUAN ALLSPACE 2022: $21,875 (year-specific)
Converting images to base64 for car ID 16467...
  [MEDIAN] CIVIC TURBO 2022: $14,500 (global fallback)
Converting images to base64 for car ID 16451...
  [MEDIAN] SANTA FE 2022: $19,800 (global fallback)
Converting images to base64 for car ID 16441...
  [MEDIAN] SANTA FE 2022: $19,800 (global fallback)
Converting images to base64 for car ID 16432...
  [MEDIAN] GRAND CHEROKEE SRT 2021: $32,500 (global fallback)
Converting images to base64 for car ID 16429...
  [MEDIAN] SPORTAGE 2022: $17,000 (global fallback)
Converting images to base64 for car ID 16414...
  [MEDIAN] FORTUNER 2019: $32,900 (year-specific)
Converting images to base64 for car ID 16417...
  [MEDIAN] VERNA 2022: $11,000 (year-specific)
Converting images to base64 for car ID 16413...
  [MEDIAN] RAV4 2019: $19,000 (year-specific)
Converting images to base64 for car ID 16411...
  [MEDIAN] HILUX 2024: $32,900 (year-specific)
Converting images to base64 for car ID 16406...
  [MEDIAN] SONET 2022: $17,000 (global fallback)
Converting images to base64 for car ID 16400...
  [MEDIAN] FRONTIER 2023: $23,200 (year-specific)
Converting images to base64 for car ID 16396...
  [MEDIAN] XV 2021: $17,950 (year-specific)
Converting images to base64 for car ID 16392...
  [MEDIAN] XV 2020: $16,950 (year-specific)
Converting images to base64 for car ID 16363...
  [MEDIAN] RAV4 2023: $31,000 (year-specific)
Converting images to base64 for car ID 16331...
  [MEDIAN] RAV4 2019: $19,000 (year-specific)
Converting images to base64 for car ID 16361...
Converting images to base64 for car ID 16332...
Converting images to base64 for car ID 16320...
  [MEDIAN] SONET 2024: $17,499 (year-specific)
Converting images to base64 for car ID 16317...
  [MEDIAN] GRAND CHEROKEE LAREDO 2019: $22,900 (year-specific)
Converting images to base64 for car ID 16321...
  [MEDIAN] RUSH 2023: $18,500 (year-specific)
Converting images to base64 for car ID 16306...
  [MEDIAN] COROLLA 2019: $14,000 (year-specific)
Converting images to base64 for car ID 16293...
  [MEDIAN] HILUX 2022: $29,400 (year-specific)
Converting images to base64 for car ID 16289...
  [MEDIAN] X2 20I 2020: $32,000 (year-specific)
Converting images to base64 for car ID 16273...
  [MEDIAN] FORESTER 2019: $17,000 (year-specific)
Converting images to base64 for car ID 16267...
  [MEDIAN] SPORTAGE 2019: $17,500 (year-specific)
Converting images to base64 for car ID 16258...
  [MEDIAN] TAOS 2024: $26,990 (year-specific)
Converting images to base64 for car ID 16250...
  [MEDIAN] JIMNY 2022: $19,800 (global fallback)
Converting images to base64 for car ID 16249...
  [MEDIAN] SELTOS 2023: $20,000 (global fallback)
Converting images to base64 for car ID 16235...
  [MEDIAN] HILUX 2016: $28,250 (year-specific)
Converting images to base64 for car ID 16219...
Converting images to base64 for car ID 16098...
  [MEDIAN] FORESTER 2024: $32,000 (year-specific)
Converting images to base64 for car ID 16089...
  [MEDIAN] SPORTAGE 2020: $18,500 (year-specific)
Converting images to base64 for car ID 16143...
  [MEDIAN] SANTA FE 2025: $35,000 (year-specific)
Converting images to base64 for car ID 16146...
  [MEDIAN] FORESTER 2016: $15,500 (year-specific)
Converting images to base64 for car ID 16171...
  [MEDIAN] COROLLA 2021: $16,800 (year-specific)
Converting images to base64 for car ID 16126...
  [MEDIAN] X1 18I 2023: $33,200 (year-specific)
Converting images to base64 for car ID 16103...
  [MEDIAN] RAV4 2018: $18,000 (year-specific)
Converting images to base64 for car ID 16119...
  [MEDIAN] GRAND CHEROKEE LAREDO 2020: $27,000 (year-specific)
Converting images to base64 for car ID 16086...
  [MEDIAN] CRETA 2022: $17,000 (global fallback)
Converting images to base64 for car ID 16183...
  [MEDIAN] SELTOS 2023: $20,000 (global fallback)
Converting images to base64 for car ID 16048...
  [MEDIAN] PICANTO CROSS 2023: $11,900 (year-specific)
Converting images to base64 for car ID 16033...
  [MEDIAN] SANTA FE 2022: $19,800 (global fallback)
Converting images to base64 for car ID 16040...
  [MEDIAN] SONET 2025: $17,200 (year-specific)
Converting images to base64 for car ID 16011...
Converting images to base64 for car ID 15987...
  [MEDIAN] TIGUAN ALLSPACE 2020: $23,000 (year-specific)
Converting images to base64 for car ID 15948...
Converting images to base64 for car ID 15953...
  [MEDIAN] XV 2022: $22,000 (year-specific)
Converting images to base64 for car ID 16002...
  [MEDIAN] TUCSON 2019: $18,000 (year-specific)
Converting images to base64 for car ID 15933...
Converting images to base64 for car ID 15922...
  [MEDIAN] RAV4 2021: $23,800 (year-specific)
Converting images to base64 for car ID 15921...
  [MEDIAN] COROLLA CROSS 2024: $22,800 (year-specific)
Converting images to base64 for car ID 15903...
  [MEDIAN] PICANTO 2025: $9,300 (global fallback)
Converting images to base64 for car ID 15900...
Converting images to base64 for car ID 15897...
Converting images to base64 for car ID 15891...
  [MEDIAN] TUCSON 2018: $16,600 (year-specific)
Converting images to base64 for car ID 15888...
  [MEDIAN] SOLUTO 2024: $12,300 (year-specific)
Converting images to base64 for car ID 15902...
  [MEDIAN] GRAND CHEROKEE LIMITED 2016: $22,700 (year-specific)
Converting images to base64 for car ID 15938...
  [MEDIAN] TUCSON 2017: $16,500 (year-specific)
Converting images to base64 for car ID 15866...
  [MEDIAN] RUSH 2023: $18,500 (year-specific)
Converting images to base64 for car ID 15839...
  [MEDIAN] TIGUAN ALLSPACE 2020: $23,000 (year-specific)
Converting images to base64 for car ID 15868...
  [MEDIAN] JETTA 2020: $15,500 (year-specific)
Converting images to base64 for car ID 15816...
Converting images to base64 for car ID 15828...
Converting images to base64 for car ID 15800...
  [MEDIAN] CRETA GRAND 2017: $18,900 (global fallback)
Converting images to base64 for car ID 15793...
  [MEDIAN] RAV4 2016: $16,500 (year-specific)
Converting images to base64 for car ID 15782...
  [MEDIAN] SPORTAGE 2023: $27,000 (year-specific)
Converting images to base64 for car ID 15718...
  [MEDIAN] JETTA 2022: $19,000 (year-specific)
Converting images to base64 for car ID 15714...
  [MEDIAN] TUCSON 2023: $25,000 (year-specific)
Converting images to base64 for car ID 15711...
  [MEDIAN] TIGUAN 2020: $13,500 (global fallback)
Converting images to base64 for car ID 15708...
  [MEDIAN] COROLLA 2016: $11,500 (year-specific)
Converting images to base64 for car ID 15701...
Converting images to base64 for car ID 15758...
  [MEDIAN] X1 18I 2017: $25,000 (global fallback)
Converting images to base64 for car ID 15743...
  [MEDIAN] GRAND CHEROKEE 2022: $22,500 (global fallback)
Converting images to base64 for car ID 15668...
  [MEDIAN] TAOS 2024: $26,990 (year-specific)
Converting images to base64 for car ID 15635...
Converting images to base64 for car ID 15623...
  [MEDIAN] X1 20I 2016: $15,999 (year-specific)
Converting images to base64 for car ID 15620...
  [MEDIAN] FORTUNER 2019: $32,900 (year-specific)
Converting images to base64 for car ID 15617...
  [MEDIAN] GRAND CHEROKEE SUMMIT 2023: $96,000 (global fallback)
Converting images to base64 for car ID 15250...
  [MEDIAN] TAOS 2022: $22,900 (global fallback)
Converting images to base64 for car ID 15257...
  [MEDIAN] NEW XV 2018: $18,500 (global fallback)
Converting images to base64 for car ID 15593...
  [MEDIAN] JIMNY 2020: $19,800 (global fallback)
Converting images to base64 for car ID 15407...
  [MEDIAN] HILUX 2022: $29,400 (year-specific)
Converting images to base64 for car ID 15561...
  [MEDIAN] CRETA 2020: $16,500 (year-specific)
Converting images to base64 for car ID 15447...
  [MEDIAN] TUCSON 2023: $25,000 (year-specific)
Converting images to base64 for car ID 15545...
  [MEDIAN] TIGUAN ALLSPACE 2018: $21,000 (global fallback)
Converting images to base64 for car ID 15512...
  [MEDIAN] RAV4 2020: $22,500 (year-specific)
Converting images to base64 for car ID 15507...
  [MEDIAN] Q3 2021: $26,500 (year-specific)
Converting images to base64 for car ID 15461...
  [MEDIAN] A4 2018: $20,400 (year-specific)
Converting images to base64 for car ID 15430...
  [MEDIAN] TIGUAN ALLSPACE 2020: $23,000 (year-specific)
Converting images to base64 for car ID 15422...
  [MEDIAN] XV 2018: $16,500 (year-specific)
Converting images to base64 for car ID 15397...
  [MEDIAN] SANTA FE 2016: $17,000 (year-specific)
Converting images to base64 for car ID 15390...
Converting images to base64 for car ID 15347...
Converting images to base64 for car ID 15319...
  [MEDIAN] RANGER RAPTOR 2023: $61,900 (global fallback)
Converting images to base64 for car ID 15519...
  [MEDIAN] FORESTER 2025: $27,500 (year-specific)
Converting images to base64 for car ID 15249...
  [MEDIAN] TAOS 2022: $22,900 (global fallback)
Converting images to base64 for car ID 15351...
  [MEDIAN] TIGUAN ALLSPACE 2021: $21,500 (year-specific)
Converting images to base64 for car ID 15448...
  [MEDIAN] Q3 2018: $21,700 (year-specific)
Converting images to base64 for car ID 15437...
  [MEDIAN] FORESTER 2019: $17,000 (year-specific)
Converting images to base64 for car ID 15429...
  [MEDIAN] ALL NEW FORESTER 2023: $25,125 (year-specific)
Converting images to base64 for car ID 15569...
  [MEDIAN] SELTOS 2024: $20,000 (year-specific)
Converting images to base64 for car ID 15582...
  [MEDIAN] X1 2017: $17,500 (year-specific)
Converting images to base64 for car ID 15506...
  [MEDIAN] RUSH 2022: $18,500 (year-specific)
Converting images to base64 for car ID 15484...
Converting images to base64 for car ID 15589...
  [MEDIAN] NEW XV 2021: $18,500 (global fallback)
Converting images to base64 for car ID 15318...
  [MEDIAN] A4 2020: $21,800 (year-specific)
Converting images to base64 for car ID 15212...
  [MEDIAN] SORENTO 2023: $27,500 (year-specific)
Converting images to base64 for car ID 15209...
  [MEDIAN] TIGUAN 2021: $20,900 (year-specific)
HTML report saved to /home/richgutz/Scraper-Neoauto-ANTIGRAVITY/Autos.Richard.Gutierrez/reporte_autos_20260126_230706.html
Converting to PDF...
PDF report saved to /home/richgutz/Scraper-Neoauto-ANTIGRAVITY/Autos.Richard.Gutierrez/reporte_autos_20260126_230706.pdf

[INFO] OPTIMIZATION: PDF size reduced by ~74% using base64 image embedding with aggressive compression
   - Hero images: 600px width, 60% quality
   - Gallery images: 400px width, 55% quality
   - Expected PDF size: ~10MB (down from ~40MB)
Latest PDF found: /home/richgutz/Scraper-Neoauto-ANTIGRAVITY/Autos.Richard.Gutierrez/reporte_autos_20260126_230706.pdf
Authentication failed.
